2026-07-14 11:36:52 [INFO] root: Logging initialized
2026-07-14 11:37:20 [INFO] httpx: HTTP Request: POST http://localhost:8000/agent/answer "HTTP/1.1 200 OK"
2026-07-14 11:37:20 [INFO] uvicorn.access: ::1:51557 - "GET /static/js/StreamlitSyntaxHighlighter.CoysI3qC.js HTTP/1.1" 200
2026-07-14 13:05:59 [INFO] uvicorn.access: ::1:51794 - "GET /_stcore/health HTTP/1.1" 200
2026-07-14 13:05:59 [INFO] uvicorn.access: ::1:51795 - "GET /_stcore/host-config HTTP/1.1" 200
2026-07-14 13:05:59 [INFO] uvicorn.error: ::1:51796 - "WebSocket /_stcore/stream" [accepted]
2026-07-14 13:05:59 [INFO] uvicorn.error: connection open
2026-07-14 13:44:55 [INFO] uvicorn.access: ::1:51838 - "GET /_stcore/health HTTP/1.1" 200
2026-07-14 13:44:55 [INFO] uvicorn.access: ::1:51839 - "GET /_stcore/host-config HTTP/1.1" 200
2026-07-14 13:44:55 [INFO] uvicorn.error: ::1:51841 - "WebSocket /_stcore/stream" [accepted]
2026-07-14 13:44:55 [INFO] uvicorn.error: connection open
2026-07-14 13:48:31 [INFO] uvicorn.access: ::1:51894 - "GET /_stcore/health HTTP/1.1" 200
2026-07-14 13:48:31 [INFO] uvicorn.access: ::1:51895 - "GET /_stcore/host-config HTTP/1.1" 200
2026-07-14 13:48:31 [INFO] uvicorn.error: ::1:51896 - "WebSocket /_stcore/stream" [accepted]
2026-07-14 13:48:31 [INFO] uvicorn.error: connection open
2026-07-14 14:49:15 [INFO] uvicorn.access: ::1:52174 - "GET / HTTP/1.1" 304
2026-07-14 14:49:15 [INFO] uvicorn.access: ::1:52174 - "GET /_stcore/health HTTP/1.1" 200
2026-07-14 14:49:15 [INFO] uvicorn.access: ::1:52176 - "GET /_stcore/host-config HTTP/1.1" 200
2026-07-14 14:49:15 [INFO] uvicorn.error: ::1:52177 - "WebSocket /_stcore/stream" [accepted]
2026-07-14 14:49:15 [INFO] uvicorn.error: connection open
